<?xml version="1.0" encoding="UTF-8"?>
<testsuites name="jest tests" tests="125" failures="0" time="42.827">
  <testsuite name="Component Tests" errors="0" failures="0" skipped="0" timestamp="2019-10-08T15:13:42" time="25.416" tests="5">
    <testcase classname="Component Tests LoginComponent should authenticate the user upon login when previous state was set" name="Component Tests LoginComponent should authenticate the user upon login when previous state was set" time="0.141">
    </testcase>
    <testcase classname="Component Tests LoginComponent should authenticate the user upon login when previous state was not set" name="Component Tests LoginComponent should authenticate the user upon login when previous state was not set" time="0.037">
    </testcase>
    <testcase classname="Component Tests LoginComponent should empty the credentials upon cancel" name="Component Tests LoginComponent should empty the credentials upon cancel" time="0.024">
    </testcase>
    <testcase classname="Component Tests LoginComponent should redirect user when register" name="Component Tests LoginComponent should redirect user when register" time="0.03">
    </testcase>
    <testcase classname="Component Tests LoginComponent should redirect user when request password" name="Component Tests LoginComponent should redirect user when request password" time="0.025">
    </testcase>
  </testsuite>
  <testsuite name="Component Tests" errors="0" failures="0" skipped="0" timestamp="2019-10-08T15:13:42" time="25.94" tests="12">
    <testcase classname="Component Tests JhiHealthCheckComponent baseName and subSystemName should return the basename when it has no sub system" name="Component Tests JhiHealthCheckComponent baseName and subSystemName should return the basename when it has no sub system" time="0.128">
    </testcase>
    <testcase classname="Component Tests JhiHealthCheckComponent baseName and subSystemName should return the basename when it has sub systems" name="Component Tests JhiHealthCheckComponent baseName and subSystemName should return the basename when it has sub systems" time="0.034">
    </testcase>
    <testcase classname="Component Tests JhiHealthCheckComponent baseName and subSystemName should return the sub system name" name="Component Tests JhiHealthCheckComponent baseName and subSystemName should return the sub system name" time="0.022">
    </testcase>
    <testcase classname="Component Tests JhiHealthCheckComponent baseName and subSystemName should return the subsystem when it has multiple keys" name="Component Tests JhiHealthCheckComponent baseName and subSystemName should return the subsystem when it has multiple keys" time="0.021">
    </testcase>
    <testcase classname="Component Tests JhiHealthCheckComponent transformHealthData should flatten empty health data" name="Component Tests JhiHealthCheckComponent transformHealthData should flatten empty health data" time="0.024">
    </testcase>
    <testcase classname="Component Tests JhiHealthCheckComponent transformHealthData should flatten health data with no subsystems" name="Component Tests JhiHealthCheckComponent transformHealthData should flatten health data with no subsystems" time="0.033">
    </testcase>
    <testcase classname="Component Tests JhiHealthCheckComponent transformHealthData should flatten health data with subsystems at level 1, main system has no additional information" name="Component Tests JhiHealthCheckComponent transformHealthData should flatten health data with subsystems at level 1, main system has no additional information" time="0.023">
    </testcase>
    <testcase classname="Component Tests JhiHealthCheckComponent transformHealthData should flatten health data with subsystems at level 1, main system has additional information" name="Component Tests JhiHealthCheckComponent transformHealthData should flatten health data with subsystems at level 1, main system has additional information" time="0.029">
    </testcase>
    <testcase classname="Component Tests JhiHealthCheckComponent transformHealthData should flatten health data with subsystems at level 1, main system has additional error" name="Component Tests JhiHealthCheckComponent transformHealthData should flatten health data with subsystems at level 1, main system has additional error" time="0.023">
    </testcase>
    <testcase classname="Component Tests JhiHealthCheckComponent getBadgeClass should get badge class" name="Component Tests JhiHealthCheckComponent getBadgeClass should get badge class" time="0.024">
    </testcase>
    <testcase classname="Component Tests JhiHealthCheckComponent refresh should call refresh on init" name="Component Tests JhiHealthCheckComponent refresh should call refresh on init" time="0.034">
    </testcase>
    <testcase classname="Component Tests JhiHealthCheckComponent refresh should handle a 503 on refreshing health data" name="Component Tests JhiHealthCheckComponent refresh should handle a 503 on refreshing health data" time="0.035">
    </testcase>
  </testsuite>
  <testsuite name="Component Tests" errors="0" failures="0" skipped="0" timestamp="2019-10-08T15:14:08" time="1.596" tests="7">
    <testcase classname="Component Tests Alert Error Component Error Handling Should display an alert on status 0" name="Component Tests Alert Error Component Error Handling Should display an alert on status 0" time="0.072">
    </testcase>
    <testcase classname="Component Tests Alert Error Component Error Handling Should display an alert on status 404" name="Component Tests Alert Error Component Error Handling Should display an alert on status 404" time="0.036">
    </testcase>
    <testcase classname="Component Tests Alert Error Component Error Handling Should display an alert on generic error" name="Component Tests Alert Error Component Error Handling Should display an alert on generic error" time="0.033">
    </testcase>
    <testcase classname="Component Tests Alert Error Component Error Handling Should display an alert on status 400 for generic error" name="Component Tests Alert Error Component Error Handling Should display an alert on status 400 for generic error" time="0.023">
    </testcase>
    <testcase classname="Component Tests Alert Error Component Error Handling Should display an alert on status 400 for generic error without message" name="Component Tests Alert Error Component Error Handling Should display an alert on status 400 for generic error without message" time="0.026">
    </testcase>
    <testcase classname="Component Tests Alert Error Component Error Handling Should display an alert on status 400 for invalid parameters" name="Component Tests Alert Error Component Error Handling Should display an alert on status 400 for invalid parameters" time="0.042">
    </testcase>
    <testcase classname="Component Tests Alert Error Component Error Handling Should display an alert on status 400 for error headers" name="Component Tests Alert Error Component Error Handling Should display an alert on status 400 for error headers" time="0.031">
    </testcase>
  </testsuite>
  <testsuite name="Component Tests" errors="0" failures="0" skipped="0" timestamp="2019-10-08T15:14:08" time="1.609" tests="6">
    <testcase classname="Component Tests AuditsComponent today function  should set toDate to current date" name="Component Tests AuditsComponent today function  should set toDate to current date" time="0.072">
    </testcase>
    <testcase classname="Component Tests AuditsComponent previousMonth function  should set fromDate to current date" name="Component Tests AuditsComponent previousMonth function  should set fromDate to current date" time="0.03">
    </testcase>
    <testcase classname="Component Tests AuditsComponent By default, on init should set all default values correctly" name="Component Tests AuditsComponent By default, on init should set all default values correctly" time="0.04">
    </testcase>
    <testcase classname="Component Tests AuditsComponent OnInit Should call load all on init" name="Component Tests AuditsComponent OnInit Should call load all on init" time="0.028">
    </testcase>
    <testcase classname="Component Tests AuditsComponent Create sort object Should sort only by id asc" name="Component Tests AuditsComponent Create sort object Should sort only by id asc" time="0.03">
    </testcase>
    <testcase classname="Component Tests AuditsComponent Create sort object Should sort by timestamp asc then by id" name="Component Tests AuditsComponent Create sort object Should sort by timestamp asc then by id" time="0.025">
    </testcase>
  </testsuite>
  <testsuite name="Component Tests" errors="0" failures="0" skipped="0" timestamp="2019-10-08T15:14:09" time="1.116" tests="5">
    <testcase classname="Component Tests RegisterComponent should ensure the two passwords entered match" name="Component Tests RegisterComponent should ensure the two passwords entered match" time="0.044">
    </testcase>
    <testcase classname="Component Tests RegisterComponent should update success to OK after creating an account" name="Component Tests RegisterComponent should update success to OK after creating an account" time="0.035">
    </testcase>
    <testcase classname="Component Tests RegisterComponent should notify of user existence upon 400/login already in use" name="Component Tests RegisterComponent should notify of user existence upon 400/login already in use" time="0.031">
    </testcase>
    <testcase classname="Component Tests RegisterComponent should notify of email existence upon 400/email address already in use" name="Component Tests RegisterComponent should notify of email existence upon 400/email address already in use" time="0.03">
    </testcase>
    <testcase classname="Component Tests RegisterComponent should notify of generic error" name="Component Tests RegisterComponent should notify of generic error" time="0.035">
    </testcase>
  </testsuite>
  <testsuite name="Component Tests" errors="0" failures="0" skipped="0" timestamp="2019-10-08T15:14:10" time="0.992" tests="5">
    <testcase classname="Component Tests PasswordResetInitComponent should define its initial state" name="Component Tests PasswordResetInitComponent should define its initial state" time="0.044">
    </testcase>
    <testcase classname="Component Tests PasswordResetInitComponent sets focus after the view has been initialized" name="Component Tests PasswordResetInitComponent sets focus after the view has been initialized" time="0.033">
    </testcase>
    <testcase classname="Component Tests PasswordResetInitComponent notifies of success upon successful requestReset" name="Component Tests PasswordResetInitComponent notifies of success upon successful requestReset" time="0.024">
    </testcase>
    <testcase classname="Component Tests PasswordResetInitComponent notifies of unknown email upon email address not registered/400" name="Component Tests PasswordResetInitComponent notifies of unknown email upon email address not registered/400" time="0.033">
    </testcase>
    <testcase classname="Component Tests PasswordResetInitComponent notifies of error upon error response" name="Component Tests PasswordResetInitComponent notifies of error upon error response" time="0.022">
    </testcase>
  </testsuite>
  <testsuite name="Component Tests" errors="0" failures="0" skipped="0" timestamp="2019-10-08T15:14:10" time="1.302" tests="5">
    <testcase classname="Component Tests PasswordResetFinishComponent should define its initial state" name="Component Tests PasswordResetFinishComponent should define its initial state" time="0.052">
    </testcase>
    <testcase classname="Component Tests PasswordResetFinishComponent sets focus after the view has been initialized" name="Component Tests PasswordResetFinishComponent sets focus after the view has been initialized" time="0.039">
    </testcase>
    <testcase classname="Component Tests PasswordResetFinishComponent should ensure the two passwords entered match" name="Component Tests PasswordResetFinishComponent should ensure the two passwords entered match" time="0.039">
    </testcase>
    <testcase classname="Component Tests PasswordResetFinishComponent should update success to OK after resetting password" name="Component Tests PasswordResetFinishComponent should update success to OK after resetting password" time="0.038">
    </testcase>
    <testcase classname="Component Tests PasswordResetFinishComponent should notify of generic error" name="Component Tests PasswordResetFinishComponent should notify of generic error" time="0.031">
    </testcase>
  </testsuite>
  <testsuite name="Component Tests" errors="0" failures="0" skipped="0" timestamp="2019-10-08T15:14:11" time="1.542" tests="6">
    <testcase classname="Component Tests Car Management Component Should call load all on init" name="Component Tests Car Management Component Should call load all on init" time="0.067">
    </testcase>
    <testcase classname="Component Tests Car Management Component should load a page" name="Component Tests Car Management Component should load a page" time="0.045">
    </testcase>
    <testcase classname="Component Tests Car Management Component should not load a page is the page is the same as the previous page" name="Component Tests Car Management Component should not load a page is the page is the same as the previous page" time="0.053">
    </testcase>
    <testcase classname="Component Tests Car Management Component should re-initialize the page" name="Component Tests Car Management Component should re-initialize the page" time="0.051">
    </testcase>
    <testcase classname="Component Tests Car Management Component should calculate the sort attribute for an id" name="Component Tests Car Management Component should calculate the sort attribute for an id" time="0.047">
    </testcase>
    <testcase classname="Component Tests Car Management Component should calculate the sort attribute for a non-id attribute" name="Component Tests Car Management Component should calculate the sort attribute for a non-id attribute" time="0.054">
    </testcase>
  </testsuite>
  <testsuite name="Component Tests" errors="0" failures="0" skipped="0" timestamp="2019-10-08T15:14:12" time="1.258" tests="6">
    <testcase classname="Component Tests Dog Management Component Should call load all on init" name="Component Tests Dog Management Component Should call load all on init" time="0.074">
    </testcase>
    <testcase classname="Component Tests Dog Management Component should load a page" name="Component Tests Dog Management Component should load a page" time="0.053">
    </testcase>
    <testcase classname="Component Tests Dog Management Component should not load a page is the page is the same as the previous page" name="Component Tests Dog Management Component should not load a page is the page is the same as the previous page" time="0.051">
    </testcase>
    <testcase classname="Component Tests Dog Management Component should re-initialize the page" name="Component Tests Dog Management Component should re-initialize the page" time="0.047">
    </testcase>
    <testcase classname="Component Tests Dog Management Component should calculate the sort attribute for an id" name="Component Tests Dog Management Component should calculate the sort attribute for an id" time="0.043">
    </testcase>
    <testcase classname="Component Tests Dog Management Component should calculate the sort attribute for a non-id attribute" name="Component Tests Dog Management Component should calculate the sort attribute for a non-id attribute" time="0.033">
    </testcase>
  </testsuite>
  <testsuite name="Service Tests" errors="0" failures="0" skipped="0" timestamp="2019-10-08T15:14:12" time="0.812" tests="5">
    <testcase classname="Service Tests Car Service Service methods should find an element" name="Service Tests Car Service Service methods should find an element" time="0.045">
    </testcase>
    <testcase classname="Service Tests Car Service Service methods should create a Car" name="Service Tests Car Service Service methods should create a Car" time="0.08">
    </testcase>
    <testcase classname="Service Tests Car Service Service methods should update a Car" name="Service Tests Car Service Service methods should update a Car" time="0.027">
    </testcase>
    <testcase classname="Service Tests Car Service Service methods should return a list of Car" name="Service Tests Car Service Service methods should return a list of Car" time="0.025">
    </testcase>
    <testcase classname="Service Tests Car Service Service methods should delete a Car" name="Service Tests Car Service Service methods should delete a Car" time="0.015">
    </testcase>
  </testsuite>
  <testsuite name="Service Tests" errors="0" failures="0" skipped="0" timestamp="2019-10-08T15:14:13" time="0.716" tests="5">
    <testcase classname="Service Tests Dog Service Service methods should find an element" name="Service Tests Dog Service Service methods should find an element" time="0.032">
    </testcase>
    <testcase classname="Service Tests Dog Service Service methods should create a Dog" name="Service Tests Dog Service Service methods should create a Dog" time="0.086">
    </testcase>
    <testcase classname="Service Tests Dog Service Service methods should update a Dog" name="Service Tests Dog Service Service methods should update a Dog" time="0.028">
    </testcase>
    <testcase classname="Service Tests Dog Service Service methods should return a list of Dog" name="Service Tests Dog Service Service methods should return a list of Dog" time="0.021">
    </testcase>
    <testcase classname="Service Tests Dog Service Service methods should delete a Dog" name="Service Tests Dog Service Service methods should delete a Dog" time="0.017">
    </testcase>
  </testsuite>
  <testsuite name="Service Tests" errors="0" failures="0" skipped="0" timestamp="2019-10-08T15:14:13" time="0.844" tests="8">
    <testcase classname="Service Tests Account Service Service methods should call /account if user is undefined" name="Service Tests Account Service Service methods should call /account if user is undefined" time="0.033">
    </testcase>
    <testcase classname="Service Tests Account Service Service methods should call /account only once" name="Service Tests Account Service Service methods should call /account only once" time="0.023">
    </testcase>
    <testcase classname="Service Tests Account Service Service methods hasAuthority should return false if user is not logged" name="Service Tests Account Service Service methods hasAuthority should return false if user is not logged" time="0.016">
    </testcase>
    <testcase classname="Service Tests Account Service Service methods hasAuthority should return false if user is logged and has not authority" name="Service Tests Account Service Service methods hasAuthority should return false if user is logged and has not authority" time="0.016">
    </testcase>
    <testcase classname="Service Tests Account Service Service methods hasAuthority should return true if user is logged and has authority" name="Service Tests Account Service Service methods hasAuthority should return true if user is logged and has authority" time="0.02">
    </testcase>
    <testcase classname="Service Tests Account Service Service methods hasAnyAuthority should return false if user is not logged" name="Service Tests Account Service Service methods hasAnyAuthority should return false if user is not logged" time="0.02">
    </testcase>
    <testcase classname="Service Tests Account Service Service methods hasAnyAuthority should return false if user is logged and has not authority" name="Service Tests Account Service Service methods hasAnyAuthority should return false if user is logged and has not authority" time="0.027">
    </testcase>
    <testcase classname="Service Tests Account Service Service methods hasAnyAuthority should return true if user is logged and has authority" name="Service Tests Account Service Service methods hasAnyAuthority should return true if user is logged and has authority" time="0.013">
    </testcase>
  </testsuite>
  <testsuite name="Component Tests" errors="0" failures="0" skipped="0" timestamp="2019-10-08T15:14:14" time="1.049" tests="3">
    <testcase classname="Component Tests User Management Update Component OnInit Should load authorities and language on init" name="Component Tests User Management Update Component OnInit Should load authorities and language on init" time="0.042">
    </testcase>
    <testcase classname="Component Tests User Management Update Component save Should call update service on save for existing user" name="Component Tests User Management Update Component save Should call update service on save for existing user" time="0.039">
    </testcase>
    <testcase classname="Component Tests User Management Update Component save Should call create service on save for new user" name="Component Tests User Management Update Component save Should call create service on save for new user" time="0.053">
    </testcase>
  </testsuite>
  <testsuite name="Component Tests" errors="0" failures="0" skipped="0" timestamp="2019-10-08T15:14:14" time="0.878" tests="4">
    <testcase classname="Component Tests PasswordComponent should show error if passwords do not match" name="Component Tests PasswordComponent should show error if passwords do not match" time="0.057">
    </testcase>
    <testcase classname="Component Tests PasswordComponent should call Auth.changePassword when passwords match" name="Component Tests PasswordComponent should call Auth.changePassword when passwords match" time="0.052">
    </testcase>
    <testcase classname="Component Tests PasswordComponent should set success to OK upon success" name="Component Tests PasswordComponent should set success to OK upon success" time="0.023">
    </testcase>
    <testcase classname="Component Tests PasswordComponent should notify of error if change password fails" name="Component Tests PasswordComponent should notify of error if change password fails" time="0.023">
    </testcase>
  </testsuite>
  <testsuite name="Component Tests" errors="0" failures="0" skipped="0" timestamp="2019-10-08T15:14:15" time="0.892" tests="3">
    <testcase classname="Component Tests LogsComponent OnInit should set all default values correctly" name="Component Tests LogsComponent OnInit should set all default values correctly" time="0.041">
    </testcase>
    <testcase classname="Component Tests LogsComponent OnInit Should call load all on init" name="Component Tests LogsComponent OnInit Should call load all on init" time="0.033">
    </testcase>
    <testcase classname="Component Tests LogsComponent change log level should change log level correctly" name="Component Tests LogsComponent change log level should change log level correctly" time="0.032">
    </testcase>
  </testsuite>
  <testsuite name="Component Tests" errors="0" failures="0" skipped="0" timestamp="2019-10-08T15:14:15" time="0.986" tests="2">
    <testcase classname="Component Tests User Management Component OnInit Should call load all on init" name="Component Tests User Management Component OnInit Should call load all on init" time="0.049">
    </testcase>
    <testcase classname="Component Tests User Management Component setActive Should update user and call load all" name="Component Tests User Management Component setActive Should update user and call load all" time="0.041">
    </testcase>
  </testsuite>
  <testsuite name="Component Tests" errors="0" failures="0" skipped="0" timestamp="2019-10-08T15:14:16" time="0.818" tests="3">
    <testcase classname="Component Tests SettingsComponent should send the current identity upon save" name="Component Tests SettingsComponent should send the current identity upon save" time="0.066">
    </testcase>
    <testcase classname="Component Tests SettingsComponent should notify of success upon successful save" name="Component Tests SettingsComponent should notify of success upon successful save" time="0.03">
    </testcase>
    <testcase classname="Component Tests SettingsComponent should notify of error upon failed save" name="Component Tests SettingsComponent should notify of error upon failed save" time="0.034">
    </testcase>
  </testsuite>
  <testsuite name="Component Tests" errors="0" failures="0" skipped="0" timestamp="2019-10-08T15:14:16" time="0.909" tests="3">
    <testcase classname="Component Tests JhiConfigurationComponent OnInit should set all default values correctly" name="Component Tests JhiConfigurationComponent OnInit should set all default values correctly" time="0.059">
    </testcase>
    <testcase classname="Component Tests JhiConfigurationComponent OnInit Should call load all on init" name="Component Tests JhiConfigurationComponent OnInit Should call load all on init" time="0.04">
    </testcase>
    <testcase classname="Component Tests JhiConfigurationComponent keys method should return the keys of an Object" name="Component Tests JhiConfigurationComponent keys method should return the keys of an Object" time="0.03">
    </testcase>
  </testsuite>
  <testsuite name="Service Tests" errors="0" failures="0" skipped="0" timestamp="2019-10-08T15:14:17" time="0.894" tests="4">
    <testcase classname="Service Tests User Service Service methods should call correct URL" name="Service Tests User Service Service methods should call correct URL" time="0.054">
    </testcase>
    <testcase classname="Service Tests User Service Service methods should return User" name="Service Tests User Service Service methods should return User" time="0.082">
    </testcase>
    <testcase classname="Service Tests User Service Service methods should return Authorities" name="Service Tests User Service Service methods should return Authorities" time="0.131">
    </testcase>
    <testcase classname="Service Tests User Service Service methods should propagate not found response" name="Service Tests User Service Service methods should propagate not found response" time="0.024">
    </testcase>
  </testsuite>
  <testsuite name="Service Tests" errors="0" failures="0" skipped="0" timestamp="2019-10-08T15:14:17" time="0.601" tests="3">
    <testcase classname="Service Tests Logs Service Service methods should call correct URL" name="Service Tests Logs Service Service methods should call correct URL" time="0.032">
    </testcase>
    <testcase classname="Service Tests Logs Service Service methods should get the config" name="Service Tests Logs Service Service methods should get the config" time="0.022">
    </testcase>
    <testcase classname="Service Tests Logs Service Service methods should get the env" name="Service Tests Logs Service Service methods should get the env" time="0.016">
    </testcase>
  </testsuite>
  <testsuite name="Component Tests" errors="0" failures="0" skipped="0" timestamp="2019-10-08T15:14:18" time="0.957" tests="3">
    <testcase classname="Component Tests ActivateComponent calls activate.get with the key from params" name="Component Tests ActivateComponent calls activate.get with the key from params" time="0.047">
    </testcase>
    <testcase classname="Component Tests ActivateComponent should set set success to OK upon successful activation" name="Component Tests ActivateComponent should set set success to OK upon successful activation" time="0.034">
    </testcase>
    <testcase classname="Component Tests ActivateComponent should set set error to ERROR upon activation failure" name="Component Tests ActivateComponent should set set error to ERROR upon activation failure" time="0.033">
    </testcase>
  </testsuite>
  <testsuite name="Component Tests" errors="0" failures="0" skipped="0" timestamp="2019-10-08T15:14:18" time="1.083" tests="2">
    <testcase classname="Component Tests Dog Management Update Component save Should call update service on save for existing entity" name="Component Tests Dog Management Update Component save Should call update service on save for existing entity" time="0.065">
    </testcase>
    <testcase classname="Component Tests Dog Management Update Component save Should call create service on save for new entity" name="Component Tests Dog Management Update Component save Should call create service on save for new entity" time="0.056">
    </testcase>
  </testsuite>
  <testsuite name="Component Tests" errors="0" failures="0" skipped="0" timestamp="2019-10-08T15:14:18" time="0.894" tests="2">
    <testcase classname="Component Tests Car Management Update Component save Should call update service on save for existing entity" name="Component Tests Car Management Update Component save Should call update service on save for existing entity" time="0.073">
    </testcase>
    <testcase classname="Component Tests Car Management Update Component save Should call create service on save for new entity" name="Component Tests Car Management Update Component save Should call create service on save for new entity" time="0.054">
    </testcase>
  </testsuite>
  <testsuite name="Component Tests" errors="0" failures="0" skipped="0" timestamp="2019-10-08T15:14:19" time="0.83" tests="3">
    <testcase classname="Component Tests PasswordStrengthBarComponent PasswordStrengthBarComponents should initialize with default values" name="Component Tests PasswordStrengthBarComponent PasswordStrengthBarComponents should initialize with default values" time="0.056">
    </testcase>
    <testcase classname="Component Tests PasswordStrengthBarComponent PasswordStrengthBarComponents should increase strength upon password value change" name="Component Tests PasswordStrengthBarComponent PasswordStrengthBarComponents should increase strength upon password value change" time="0.041">
    </testcase>
    <testcase classname="Component Tests PasswordStrengthBarComponent PasswordStrengthBarComponents should change the color based on strength" name="Component Tests PasswordStrengthBarComponent PasswordStrengthBarComponents should change the color based on strength" time="0.023">
    </testcase>
  </testsuite>
  <testsuite name="Service Tests" errors="0" failures="0" skipped="0" timestamp="2019-10-08T15:14:20" time="0.576" tests="3">
    <testcase classname="Service Tests Audits Service Service methods should call correct URL" name="Service Tests Audits Service Service methods should call correct URL" time="0.027">
    </testcase>
    <testcase classname="Service Tests Audits Service Service methods should return Audits" name="Service Tests Audits Service Service methods should return Audits" time="0.018">
    </testcase>
    <testcase classname="Service Tests Audits Service Service methods should propagate not found response" name="Service Tests Audits Service Service methods should propagate not found response" time="0.022">
    </testcase>
  </testsuite>
  <testsuite name="Component Tests" errors="0" failures="0" skipped="0" timestamp="2019-10-08T15:14:19" time="0.707" tests="1">
    <testcase classname="Component Tests User Management Detail Component OnInit Should call load all on init" name="Component Tests User Management Detail Component OnInit Should call load all on init" time="0.043">
    </testcase>
  </testsuite>
  <testsuite name="Component Tests" errors="0" failures="0" skipped="0" timestamp="2019-10-08T15:14:20" time="0.641" tests="1">
    <testcase classname="Component Tests User Management Delete Component confirmDelete Should call delete service on confirmDelete" name="Component Tests User Management Delete Component confirmDelete Should call delete service on confirmDelete" time="0.043">
    </testcase>
  </testsuite>
  <testsuite name="Component Tests" errors="0" failures="0" skipped="0" timestamp="2019-10-08T15:14:20" time="0.781" tests="1">
    <testcase classname="Component Tests Dog Management Delete Component confirmDelete Should call delete service on confirmDelete" name="Component Tests Dog Management Delete Component confirmDelete Should call delete service on confirmDelete" time="0.087">
    </testcase>
  </testsuite>
  <testsuite name="Service Tests" errors="0" failures="0" skipped="0" timestamp="2019-10-08T15:14:21" time="0.584" tests="3">
    <testcase classname="Service Tests Logs Service Service methods should call correct URL" name="Service Tests Logs Service Service methods should call correct URL" time="0.025">
    </testcase>
    <testcase classname="Service Tests Logs Service Service methods should return Metrics" name="Service Tests Logs Service Service methods should return Metrics" time="0.017">
    </testcase>
    <testcase classname="Service Tests Logs Service Service methods should return Thread Dump" name="Service Tests Logs Service Service methods should return Thread Dump" time="0.017">
    </testcase>
  </testsuite>
  <testsuite name="Component Tests" errors="0" failures="0" skipped="0" timestamp="2019-10-08T15:14:21" time="0.787" tests="1">
    <testcase classname="Component Tests Car Management Delete Component confirmDelete Should call delete service on confirmDelete" name="Component Tests Car Management Delete Component confirmDelete Should call delete service on confirmDelete" time="0.068">
    </testcase>
  </testsuite>
  <testsuite name="Service Tests" errors="0" failures="0" skipped="0" timestamp="2019-10-08T15:14:22" time="0.526" tests="2">
    <testcase classname="Service Tests Logs Service Service methods should call correct URL" name="Service Tests Logs Service Service methods should call correct URL" time="0.024">
    </testcase>
    <testcase classname="Service Tests Logs Service Service methods should change log level" name="Service Tests Logs Service Service methods should change log level" time="0.028">
    </testcase>
  </testsuite>
  <testsuite name="Component Tests" errors="0" failures="0" skipped="0" timestamp="2019-10-08T15:14:22" time="0.717" tests="1">
    <testcase classname="Component Tests JhiMetricsMonitoringComponent refresh should call refresh on init" name="Component Tests JhiMetricsMonitoringComponent refresh should call refresh on init" time="0.041">
    </testcase>
  </testsuite>
  <testsuite name="Component Tests" errors="0" failures="0" skipped="0" timestamp="2019-10-08T15:14:22" time="0.67" tests="1">
    <testcase classname="Component Tests Car Management Detail Component OnInit Should call load all on init" name="Component Tests Car Management Detail Component OnInit Should call load all on init" time="0.06">
    </testcase>
  </testsuite>
  <testsuite name="Component Tests" errors="0" failures="0" skipped="0" timestamp="2019-10-08T15:14:22" time="0.677" tests="1">
    <testcase classname="Component Tests Dog Management Detail Component OnInit Should call load all on init" name="Component Tests Dog Management Detail Component OnInit Should call load all on init" time="0.067">
    </testcase>
  </testsuite>
</testsuites>